// Jest Snapshot v1, https://goo.gl/fbAQLP

exports[`ModalFooter with className 1`] = `
Snapshot Diff:
- Default Render
+ Current Render: {"className":"className"}

@@ --- --- @@
  <div
-   class="mondayStyleModalFooter"
+   class="mondayStyleModalFooter className"
  >
    <div>
      footer content
`;

exports[`ModalFooter with required props 1`] = `
<div
  class="mondayStyleModalFooter"
>
  <div>
    footer content
  </div>
</div>
`;
